00000000fff00000: 11223344 11223344 11223344 11223344
*
00000000fffffff0: 11223344 11223344 11223344 223344cc
0000000100000000: 22bb44aa 22334411 22332233 44112233
0000000100000010: 44112233 44112233 22334411 22334411
0000000100000020: 22334411 22332233 44112233 44112233
0000000100000030: 44112233 22334411 22334411 112233
00000001fff00000: 00000000 00000000 00000000 00000000
*
0000000200000000: ff020305 070b0d11 ff020305 070b0d11
*
000000020001fff0: ff020305 070b0d11 ff020305 070b0d11
