0000000170f00000: 00000000 00000000 00000000 00000000
*
0000000170f1cf00: 00000000 00000044 6688aacc ee113355
0000000170f1cf10: 7799bbdd ff002244 6688aacc ee113355
*
0000000170f240f0: 7799bbdd ff000000 00000000 00000000
0000000170f24100: 00000000 00000000 00000000 00000000
*
0000000170f40100: 00000000 00000044 6688aacc ee113355
0000000170f40110: 7799bbdd ff002244 6688aacc ee113355
*
00000001800100f0: 7799bbdd ff998877 00998877 00998877
0000000180010100: 00998877 00998877 00998877 00998877
*
0000000180070100: 00998877
