At 0 (2220 octets requested, 20 per line, hexadecimal) :
0000: 11223344 55667788 11223344 55667788 11223344 55667788 11223344 55667788
*
2200: 11223344 55667788 11223344 55667788 11223344 55667788 11223344 55667788
At 0 (7fffffffffffffff octets requested, 20 per line, hexadecimal) :
0000: 11223344 55667788 11223344 55667788 11223344 55667788 11223344 55667788
*
2200: 11223344 55667788 11223344 55667788 11223344 55667788 11223344 55667788
