At 11 (10 octets requested, 10 per line, hexadecimal) :
0000000000000011: 11223344 55667788 99aabbcc ddeeff00  ."3DUfw.........
