0000000000000000: 00112233 44556677 8899aabb ccddeeff  .."3DUfw........
*
0000000000000ff0: 00112233 44556677 8899aabb ccddeeff  .."3DUfw........
