0000000000000000: ____22__ ________ ________ ________|____ff__ ________ ________ ________
