0000000000000811: 11223344 55667788 99aabbcc ddeeff00  ."3DUfw.........
