0000000000000010: 00112233 44556677 8899aabb ccddeeff  .."3DUfw........
*
0000000000000040: 00112233 44556677 8899aabb ccddeeff  .."3DUfw........
