0000000000000007: 778899aa bbccddee ff001122 33445566  w.........."3DUf
At 7 (2 octets requested, 10 per line, hexadecimal) :
0000000000000007: 7788                                 w.
