434445464748494a4b4c4d4e4f505152535455565758595a0a
