0000000000000000: 00010203 04050607 08090a0b 0c0d0e0f
0000000000000010: 10111213 14151617 18191a1b 1c1d1e1f
0000000000000020: 20212223 24252627 28292a2b 2c2d2e2f
0000000000000030: 30313233 34353637 38393a3b 3c3d3e3f
0000000000000040: 40414243 44454647 48494a4b 4c4d4e4f
0000000000000050: 50515253 54555657 58595a5b 5c5d5e5f
0000000000000060: 60616263 64656667 68696a6b 6c6d6e6f
0000000000000070: 70717273 74757677 78797a7b 7c7d7e7f
0000000000000080: 80818283 84858687 88898a8b 8c8d8e8f
0000000000000090: 90919293 94959697 98999a9b 9c9d9e9f
00000000000000a0: a0a1a2a3 a4a5a6a7 a8a9aaab acadaeaf
00000000000000b0: b0b1b2b3 b4b5b6b7 b8b9babb bcbdbebf
00000000000000c0: c0c1c2c3 c4c5c6c7 c8c9cacb cccdcecf
00000000000000d0: d0d1d2d3 d4d5d6d7 d8d9dadb dcdddedf
00000000000000e0: e0e1e2e3 e4e5e6e7 e8e9eaeb ecedeeef
00000000000000f0: f0f1f2f3 f4f5f6f7 f8f9fafb fcfdfeff
0000000000000100: 00010203 04050607 08090a0b 0c0d0e0f
0000000000000110: 10111213 14151617 18191a1b 1c1d1e1f
0000000000000120: 20212223 24252627 28292a2b 2c2d2e2f
0000000000000130: 30313233 34353637 38393a3b 3c3d3e3f
0000000000000140: 40414243 44454647 48494a4b 4c4d4e4f
0000000000000150: 50515253 54555657 58595a5b 5c5d5e5f
0000000000000160: 60616263 64656667 68696a6b 6c6d6e6f
0000000000000170: 70717273 74757677 78797a7b 7c7d7e7f
0000000000000180: 80818283 84858687 88898a8b 8c8d8e8f
0000000000000190: 90919293 94959697 98999a9b 9c9d9e9f
00000000000001a0: a0a1a2a3 a4a5a6a7 a8a9aaab acadaeaf
00000000000001b0: b0b1b2b3 b4b5b6b7 b8b9babb bcbdbebf
00000000000001c0: c0c1c2c3 c4c5c6c7 c8c9cacb cccdcecf
00000000000001d0: d0d1d2d3 d4d5d6d7 d8d9dadb dcdddedf
00000000000001e0: e0e1e2e3 e4e5e6e7 e8e9eaeb ecedeeef
00000000000001f0: f0f1f2f3 f4f5f6f7 f8f9fafb fcfdfeff
